// Jest Snapshot v1, https://goo.gl/fbAQLP

exports[`K8S_OPERATIONS snapshots rules for deploy 1`] = `
[
  {
    "apiGroups": [
      "apps",
    ],
    "resources": [
      "deployments",
    ],
    "verbs": [
      "get",
      "list",
      "watch",
      "create",
      "update",
      "patch",
    ],
  },
  {
    "apiGroups": [
      "",
    ],
    "resources": [
      "services",
      "configmaps",
    ],
    "verbs": [
      "get",
      "list",
      "watch",
      "create",
      "update",
      "patch",
    ],
  },
  {
    "apiGroups": [
      "",
    ],
    "resources": [
      "pods",
    ],
    "verbs": [
      "get",
      "list",
      "watch",
    ],
  },
]
`;
