// Jest Snapshot v1, https://goo.gl/fbAQLP

exports[`buildKubeconfig snapshots the full kubeconfig YAML 1`] = `
"apiVersion: v1
kind: Config
current-context: c-cred-proxy
clusters:
- name: c
  cluster:
    server: https://example/
    certificate-authority-data: AAA=
users:
- name: sa
  user:
    token: tok
contexts:
- name: c-cred-proxy
  context:
    cluster: c
    user: sa
    namespace: n
"
`;
